Archive member included to satisfy reference by file (symbol)

f:/programy/stm32cubeide_1.6.1/stm32cubeide/plugins/com.st.stm32cube.ide.mcu.externaltools.gnu-tools-for-stm32.9-2020-q2-update.win32_2.0.0.202105311346/tools/bin/../lib/gcc/arm-none-eabi/9.3.1/../../../../arm-none-eabi/lib/thumb/v7e-m+fp/hard\libc_nano.a(lib_a-errno.o)
                              ./Core/Src/syscalls.o (__errno)
f:/programy/stm32cubeide_1.6.1/stm32cubeide/plugins/com.st.stm32cube.ide.mcu.externaltools.gnu-tools-for-stm32.9-2020-q2-update.win32_2.0.0.202105311346/tools/bin/../lib/gcc/arm-none-eabi/9.3.1/../../../../arm-none-eabi/lib/thumb/v7e-m+fp/hard\libc_nano.a(lib_a-exit.o)
                              f:/programy/stm32cubeide_1.6.1/stm32cubeide/plugins/com.st.stm32cube.ide.mcu.externaltools.gnu-tools-for-stm32.9-2020-q2-update.win32_2.0.0.202105311346/tools/bin/../lib/gcc/arm-none-eabi/9.3.1/../../../../arm-none-eabi/lib/thumb/v7e-m+fp/hard/crt0.o (exit)
f:/programy/stm32cubeide_1.6.1/stm32cubeide/plugins/com.st.stm32cube.ide.mcu.externaltools.gnu-tools-for-stm32.9-2020-q2-update.win32_2.0.0.202105311346/tools/bin/../lib/gcc/arm-none-eabi/9.3.1/../../../../arm-none-eabi/lib/thumb/v7e-m+fp/hard\libc_nano.a(lib_a-impure.o)
                              f:/programy/stm32cubeide_1.6.1/stm32cubeide/plugins/com.st.stm32cube.ide.mcu.externaltools.gnu-tools-for-stm32.9-2020-q2-update.win32_2.0.0.202105311346/tools/bin/../lib/gcc/arm-none-eabi/9.3.1/../../../../arm-none-eabi/lib/thumb/v7e-m+fp/hard\libc_nano.a(lib_a-exit.o) (_global_impure_ptr)
f:/programy/stm32cubeide_1.6.1/stm32cubeide/plugins/com.st.stm32cube.ide.mcu.externaltools.gnu-tools-for-stm32.9-2020-q2-update.win32_2.0.0.202105311346/tools/bin/../lib/gcc/arm-none-eabi/9.3.1/../../../../arm-none-eabi/lib/thumb/v7e-m+fp/hard\libc_nano.a(lib_a-init.o)
                              f:/programy/stm32cubeide_1.6.1/stm32cubeide/plugins/com.st.stm32cube.ide.mcu.externaltools.gnu-tools-for-stm32.9-2020-q2-update.win32_2.0.0.202105311346/tools/bin/../lib/gcc/arm-none-eabi/9.3.1/../../../../arm-none-eabi/lib/thumb/v7e-m+fp/hard/crt0.o (__libc_init_array)
f:/programy/stm32cubeide_1.6.1/stm32cubeide/plugins/com.st.stm32cube.ide.mcu.externaltools.gnu-tools-for-stm32.9-2020-q2-update.win32_2.0.0.202105311346/tools/bin/../lib/gcc/arm-none-eabi/9.3.1/../../../../arm-none-eabi/lib/thumb/v7e-m+fp/hard\libc_nano.a(lib_a-memset.o)
                              f:/programy/stm32cubeide_1.6.1/stm32cubeide/plugins/com.st.stm32cube.ide.mcu.externaltools.gnu-tools-for-stm32.9-2020-q2-update.win32_2.0.0.202105311346/tools/bin/../lib/gcc/arm-none-eabi/9.3.1/../../../../arm-none-eabi/lib/thumb/v7e-m+fp/hard/crt0.o (memset)
f:/programy/stm32cubeide_1.6.1/stm32cubeide/plugins/com.st.stm32cube.ide.mcu.externaltools.gnu-tools-for-stm32.9-2020-q2-update.win32_2.0.0.202105311346/tools/bin/../lib/gcc/arm-none-eabi/9.3.1/thumb/v7e-m+fp/hard\libgcc.a(_aeabi_uldivmod.o)
                              ./Drivers/STM32F4xx_HAL_Driver/Src/stm32f4xx_hal_rcc.o (__aeabi_uldivmod)
f:/programy/stm32cubeide_1.6.1/stm32cubeide/plugins/com.st.stm32cube.ide.mcu.externaltools.gnu-tools-for-stm32.9-2020-q2-update.win32_2.0.0.202105311346/tools/bin/../lib/gcc/arm-none-eabi/9.3.1/thumb/v7e-m+fp/hard\libgcc.a(_udivmoddi4.o)
                              f:/programy/stm32cubeide_1.6.1/stm32cubeide/plugins/com.st.stm32cube.ide.mcu.externaltools.gnu-tools-for-stm32.9-2020-q2-update.win32_2.0.0.202105311346/tools/bin/../lib/gcc/arm-none-eabi/9.3.1/thumb/v7e-m+fp/hard\libgcc.a(_aeabi_uldivmod.o) (__udivmoddi4)
f:/programy/stm32cubeide_1.6.1/stm32cubeide/plugins/com.st.stm32cube.ide.mcu.externaltools.gnu-tools-for-stm32.9-2020-q2-update.win32_2.0.0.202105311346/tools/bin/../lib/gcc/arm-none-eabi/9.3.1/thumb/v7e-m+fp/hard\libgcc.a(_dvmd_tls.o)
                              f:/programy/stm32cubeide_1.6.1/stm32cubeide/plugins/com.st.stm32cube.ide.mcu.externaltools.gnu-tools-for-stm32.9-2020-q2-update.win32_2.0.0.202105311346/tools/bin/../lib/gcc/arm-none-eabi/9.3.1/thumb/v7e-m+fp/hard\libgcc.a(_aeabi_uldivmod.o) (__aeabi_ldiv0)

Allocating common symbols
Common symbol       size              file

CurrentFont         0x4               ./Core/Src/GFX_Font.o
font                0x4               ./Core/Src/GFX_TFT.o
uwTick              0x4               ./Drivers/STM32F4xx_HAL_Driver/Src/stm32f4xx_hal.o
pFlash              0x20              ./Drivers/STM32F4xx_HAL_Driver/Src/stm32f4xx_hal_flash.o
Tft_hspi            0x4               ./Core/Src/ILI9341.o
hspi1               0x58              ./Core/Src/spi.o
huart2              0x44              ./Core/Src/usart.o

Discarded input sections

 .text          0x0000000000000000        0x0 f:/programy/stm32cubeide_1.6.1/stm32cubeide/plugins/com.st.stm32cube.ide.mcu.externaltools.gnu-tools-for-stm32.9-2020-q2-update.win32_2.0.0.202105311346/tools/bin/../lib/gcc/arm-none-eabi/9.3.1/thumb/v7e-m+fp/hard/crti.o
[...]
Memory Configuration

Name             Origin             Length             Attributes
RAM              0x0000000020000000 0x0000000000020000 xrw
FLASH            0x0000000008000000 0x0000000000080000 xr
*default*        0x0000000000000000 0xffffffffffffffff

Linker script and memory map

LOAD f:/programy/stm32cubeide_1.6.1/stm32cubeide/plugins/com.st.stm32cube.ide.mcu.externaltools.gnu-tools-for-stm32.9-2020-q2-update.win32_2.0.0.202105311346/tools/bin/../lib/gcc/arm-none-eabi/9.3.1/thumb/v7e-m+fp/hard/crti.o
LOAD f:/programy/stm32cubeide_1.6.1/stm32cubeide/plugins/com.st.stm32cube.ide.mcu.externaltools.gnu-tools-for-stm32.9-2020-q2-update.win32_2.0.0.202105311346/tools/bin/../lib/gcc/arm-none-eabi/9.3.1/thumb/v7e-m+fp/hard/crtbegin.o
LOAD f:/programy/stm32cubeide_1.6.1/stm32cubeide/plugins/com.st.stm32cube.ide.mcu.externaltools.gnu-tools-for-stm32.9-2020-q2-update.win32_2.0.0.202105311346/tools/bin/../lib/gcc/arm-none-eabi/9.3.1/../../../../arm-none-eabi/lib/thumb/v7e-m+fp/hard/crt0.o
LOAD ./Core/Src/FontArial/ArialBlack_20pts_Bold.o
LOAD ./Core/Src/GFX_Font.o
LOAD ./Core/Src/GFX_TFT.o
LOAD ./Core/Src/ILI9341.o
LOAD ./Core/Src/gpio.o
LOAD ./Core/Src/main.o
LOAD ./Core/Src/spi.o
LOAD ./Core/Src/stm32f4xx_hal_msp.o
LOAD ./Core/Src/stm32f4xx_it.o
LOAD ./Core/Src/syscalls.o
LOAD ./Core/Src/sysmem.o
LOAD ./Core/Src/system_stm32f4xx.o
LOAD ./Core/Src/usart.o
LOAD ./Core/Startup/startup_stm32f411retx.o
LOAD ./Drivers/STM32F4xx_HAL_Driver/Src/stm32f4xx_hal.o
LOAD ./Drivers/STM32F4xx_HAL_Driver/Src/stm32f4xx_hal_cortex.o
LOAD ./Drivers/STM32F4xx_HAL_Driver/Src/stm32f4xx_hal_dma.o
LOAD ./Drivers/STM32F4xx_HAL_Driver/Src/stm32f4xx_hal_dma_ex.o
LOAD ./Drivers/STM32F4xx_HAL_Driver/Src/stm32f4xx_hal_exti.o
LOAD ./Drivers/STM32F4xx_HAL_Driver/Src/stm32f4xx_hal_flash.o
LOAD ./Drivers/STM32F4xx_HAL_Driver/Src/stm32f4xx_hal_flash_ex.o
LOAD ./Drivers/STM32F4xx_HAL_Driver/Src/stm32f4xx_hal_flash_ramfunc.o
LOAD ./Drivers/STM32F4xx_HAL_Driver/Src/stm32f4xx_hal_gpio.o
LOAD ./Drivers/STM32F4xx_HAL_Driver/Src/stm32f4xx_hal_pwr.o
LOAD ./Drivers/STM32F4xx_HAL_Driver/Src/stm32f4xx_hal_pwr_ex.o
LOAD ./Drivers/STM32F4xx_HAL_Driver/Src/stm32f4xx_hal_rcc.o
LOAD ./Drivers/STM32F4xx_HAL_Driver/Src/stm32f4xx_hal_rcc_ex.o
LOAD ./Drivers/STM32F4xx_HAL_Driver/Src/stm32f4xx_hal_spi.o
LOAD ./Drivers/STM32F4xx_HAL_Driver/Src/stm32f4xx_hal_tim.o
LOAD ./Drivers/STM32F4xx_HAL_Driver/Src/stm32f4xx_hal_tim_ex.o
LOAD ./Drivers/STM32F4xx_HAL_Driver/Src/stm32f4xx_hal_uart.o
START GROUP
LOAD f:/programy/stm32cubeide_1.6.1/stm32cubeide/plugins/com.st.stm32cube.ide.mcu.externaltools.gnu-tools-for-stm32.9-2020-q2-update.win32_2.0.0.202105311346/tools/bin/../lib/gcc/arm-none-eabi/9.3.1/../../../../arm-none-eabi/lib/thumb/v7e-m+fp/hard\libc_nano.a
LOAD f:/programy/stm32cubeide_1.6.1/stm32cubeide/plugins/com.st.stm32cube.ide.mcu.externaltools.gnu-tools-for-stm32.9-2020-q2-update.win32_2.0.0.202105311346/tools/bin/../lib/gcc/arm-none-eabi/9.3.1/../../../../arm-none-eabi/lib/thumb/v7e-m+fp/hard\libm.a
END GROUP
START GROUP
LOAD f:/programy/stm32cubeide_1.6.1/stm32cubeide/plugins/com.st.stm32cube.ide.mcu.externaltools.gnu-tools-for-stm32.9-2020-q2-update.win32_2.0.0.202105311346/tools/bin/../lib/gcc/arm-none-eabi/9.3.1/thumb/v7e-m+fp/hard\libgcc.a
LOAD f:/programy/stm32cubeide_1.6.1/stm32cubeide/plugins/com.st.stm32cube.ide.mcu.externaltools.gnu-tools-for-stm32.9-2020-q2-update.win32_2.0.0.202105311346/tools/bin/../lib/gcc/arm-none-eabi/9.3.1/../../../../arm-none-eabi/lib/thumb/v7e-m+fp/hard\libc_nano.a
END GROUP
START GROUP
LOAD f:/programy/stm32cubeide_1.6.1/stm32cubeide/plugins/com.st.stm32cube.ide.mcu.externaltools.gnu-tools-for-stm32.9-2020-q2-update.win32_2.0.0.202105311346/tools/bin/../lib/gcc/arm-none-eabi/9.3.1/thumb/v7e-m+fp/hard\libgcc.a
LOAD f:/programy/stm32cubeide_1.6.1/stm32cubeide/plugins/com.st.stm32cube.ide.mcu.externaltools.gnu-tools-for-stm32.9-2020-q2-update.win32_2.0.0.202105311346/tools/bin/../lib/gcc/arm-none-eabi/9.3.1/../../../../arm-none-eabi/lib/thumb/v7e-m+fp/hard\libc_nano.a
LOAD f:/programy/stm32cubeide_1.6.1/stm32cubeide/plugins/com.st.stm32cube.ide.mcu.externaltools.gnu-tools-for-stm32.9-2020-q2-update.win32_2.0.0.202105311346/tools/bin/../lib/gcc/arm-none-eabi/9.3.1/../../../../arm-none-eabi/lib/thumb/v7e-m+fp/hard\libnosys.a
END GROUP
START GROUP
LOAD f:/programy/stm32cubeide_1.6.1/stm32cubeide/plugins/com.st.stm32cube.ide.mcu.externaltools.gnu-tools-for-stm32.9-2020-q2-update.win32_2.0.0.202105311346/tools/bin/../lib/gcc/arm-none-eabi/9.3.1/thumb/v7e-m+fp/hard\libgcc.a
LOAD f:/programy/stm32cubeide_1.6.1/stm32cubeide/plugins/com.st.stm32cube.ide.mcu.externaltools.gnu-tools-for-stm32.9-2020-q2-update.win32_2.0.0.202105311346/tools/bin/../lib/gcc/arm-none-eabi/9.3.1/../../../../arm-none-eabi/lib/thumb/v7e-m+fp/hard\libc_nano.a
LOAD f:/programy/stm32cubeide_1.6.1/stm32cubeide/plugins/com.st.stm32cube.ide.mcu.externaltools.gnu-tools-for-stm32.9-2020-q2-update.win32_2.0.0.202105311346/tools/bin/../lib/gcc/arm-none-eabi/9.3.1/../../../../arm-none-eabi/lib/thumb/v7e-m+fp/hard\libnosys.a
END GROUP
LOAD f:/programy/stm32cubeide_1.6.1/stm32cubeide/plugins/com.st.stm32cube.ide.mcu.externaltools.gnu-tools-for-stm32.9-2020-q2-update.win32_2.0.0.202105311346/tools/bin/../lib/gcc/arm-none-eabi/9.3.1/thumb/v7e-m+fp/hard/crtend.o
LOAD f:/programy/stm32cubeide_1.6.1/stm32cubeide/plugins/com.st.stm32cube.ide.mcu.externaltools.gnu-tools-for-stm32.9-2020-q2-update.win32_2.0.0.202105311346/tools/bin/../lib/gcc/arm-none-eabi/9.3.1/thumb/v7e-m+fp/hard/crtn.o
                0x0000000020020000                _estack = (ORIGIN (RAM) + LENGTH (RAM))
                0x0000000000000200                _Min_Heap_Size = 0x200
                0x0000000000000400                _Min_Stack_Size = 0x400

.isr_vector     0x0000000008000000      0x198
                0x0000000008000000                . = ALIGN (0x4)
 *(.isr_vector)
 .isr_vector    0x0000000008000000      0x198 ./Core/Startup/startup_stm32f411retx.o
                0x0000000008000000                g_pfnVectors
                0x0000000008000198                . = ALIGN (0x4)

.text           0x0000000008000198     0x21a0
                0x0000000008000198                . = ALIGN (0x4)
 *(.text)
 .text          0x0000000008000198       0x40 f:/programy/stm32cubeide_1.6.1/stm32cubeide/plugins/com.st.stm32cube.ide.mcu.externaltools.gnu-tools-for-stm32.9-2020-q2-update.win32_2.0.0.202105311346/tools/bin/../lib/gcc/arm-none-eabi/9.3.1/thumb/v7e-m+fp/hard/crtbegin.o
 .text          0x00000000080001d8       0x30 f:/programy/stm32cubeide_1.6.1/stm32cubeide/plugins/com.st.stm32cube.ide.mcu.externaltools.gnu-tools-for-stm32.9-2020-q2-update.win32_2.0.0.202105311346/tools/bin/../lib/gcc/arm-none-eabi/9.3.1/thumb/v7e-m+fp/hard\libgcc.a(_aeabi_uldivmod.o)
                0x00000000080001d8                __aeabi_uldivmod
 .text          0x0000000008000208      0x2c4 f:/programy/stm32cubeide_1.6.1/stm32cubeide/plugins/com.st.stm32cube.ide.mcu.externaltools.gnu-tools-for-stm32.9-2020-q2-update.win32_2.0.0.202105311346/tools/bin/../lib/gcc/arm-none-eabi/9.3.1/thumb/v7e-m+fp/hard\libgcc.a(_udivmoddi4.o)
                0x0000000008000208                __udivmoddi4
 .text          0x00000000080004cc        0x4 f:/programy/stm32cubeide_1.6.1/stm32cubeide/plugins/com.st.stm32cube.ide.mcu.externaltools.gnu-tools-for-stm32.9-2020-q2-update.win32_2.0.0.202105311346/tools/bin/../lib/gcc/arm-none-eabi/9.3.1/thumb/v7e-m+fp/hard\libgcc.a(_dvmd_tls.o)
                0x00000000080004cc                __aeabi_idiv0
                0x00000000080004cc                __aeabi_ldiv0
 *(.text*)
 .text.GFX_Image
                0x00000000080004d0       0x8e ./Core/Src/GFX_TFT.o
                0x00000000080004d0                GFX_Image
 .text._ILI9341_Delay
                0x000000000800055e       0x16 ./Core/Src/ILI9341.o
 .text._ILI9341_SendToTFT
                0x0000000008000574       0x60 ./Core/Src/ILI9341.o
 .text._ILI9341_SendCommand
                0x00000000080005d4       0x44 ./Core/Src/ILI9341.o
 .text._ILI9341_SendCommandAndData
                0x0000000008000618       0x5c ./Core/Src/ILI9341.o
 .text.ILI9341_SetAddrWindow
                0x0000000008000674       0x9a ./Core/Src/ILI9341.o
                0x0000000008000674                ILI9341_SetAddrWindow
 .text.ILI9341_WritePixel
                0x000000000800070e       0x52 ./Core/Src/ILI9341.o
                0x000000000800070e                ILI9341_WritePixel
 .text.ILI9341_ClearDisplay
                0x0000000008000760       0xb8 ./Core/Src/ILI9341.o
                0x0000000008000760                ILI9341_ClearDisplay
 .text._ILI9341_SetRotation
                0x0000000008000818       0x60 ./Core/Src/ILI9341.o
 .text.ILI9341_Init
                0x0000000008000878       0xa8 ./Core/Src/ILI9341.o
                0x0000000008000878                ILI9341_Init
 .text.MX_GPIO_Init
                0x0000000008000920      0x130 ./Core/Src/gpio.o
                0x0000000008000920                MX_GPIO_Init
 .text.main     0x0000000008000a50       0x44 ./Core/Src/main.o
                0x0000000008000a50                main
 .text.SystemClock_Config
                0x0000000008000a94       0xd4 ./Core/Src/main.o
                0x0000000008000a94                SystemClock_Config
 .text.Error_Handler
                0x0000000008000b68        0xa ./Core/Src/main.o
                0x0000000008000b68                Error_Handler
 *fill*         0x0000000008000b72        0x2 
 .text.MX_SPI1_Init
                0x0000000008000b74       0x6c ./Core/Src/spi.o
                0x0000000008000b74                MX_SPI1_Init
 .text.HAL_SPI_MspInit
                0x0000000008000be0       0x90 ./Core/Src/spi.o
                0x0000000008000be0                HAL_SPI_MspInit
 .text.HAL_MspInit
                0x0000000008000c70       0x50 ./Core/Src/stm32f4xx_hal_msp.o
                0x0000000008000c70                HAL_MspInit
 .text.NMI_Handler
                0x0000000008000cc0        0x6 ./Core/Src/stm32f4xx_it.o
                0x0000000008000cc0                NMI_Handler
 .text.HardFault_Handler
                0x0000000008000cc6        0x6 ./Core/Src/stm32f4xx_it.o
                0x0000000008000cc6                HardFault_Handler
 .text.MemManage_Handler
                0x0000000008000ccc        0x6 ./Core/Src/stm32f4xx_it.o
                0x0000000008000ccc                MemManage_Handler
 .text.BusFault_Handler
                0x0000000008000cd2        0x6 ./Core/Src/stm32f4xx_it.o
                0x0000000008000cd2                BusFault_Handler
 .text.UsageFault_Handler
                0x0000000008000cd8        0x6 ./Core/Src/stm32f4xx_it.o
                0x0000000008000cd8                UsageFault_Handler
 .text.SVC_Handler
                0x0000000008000cde        0xe ./Core/Src/stm32f4xx_it.o
                0x0000000008000cde                SVC_Handler
 .text.DebugMon_Handler
                0x0000000008000cec        0xe ./Core/Src/stm32f4xx_it.o
                0x0000000008000cec                DebugMon_Handler
 .text.PendSV_Handler
                0x0000000008000cfa        0xe ./Core/Src/stm32f4xx_it.o
                0x0000000008000cfa                PendSV_Handler
 .text.SysTick_Handler
                0x0000000008000d08        0xc ./Core/Src/stm32f4xx_it.o
                0x0000000008000d08                SysTick_Handler
 .text.SystemInit
                0x0000000008000d14       0x24 ./Core/Src/system_stm32f4xx.o
                0x0000000008000d14                SystemInit
 .text.MX_USART2_UART_Init
                0x0000000008000d38       0x54 ./Core/Src/usart.o
                0x0000000008000d38                MX_USART2_UART_Init
 .text.HAL_UART_MspInit
                0x0000000008000d8c       0x90 ./Core/Src/usart.o
                0x0000000008000d8c                HAL_UART_MspInit
 .text.Reset_Handler
                0x0000000008000e1c       0x50 ./Core/Startup/startup_stm32f411retx.o
                0x0000000008000e1c                Reset_Handler
 .text.Default_Handler
                0x0000000008000e6c        0x2 ./Core/Startup/startup_stm32f411retx.o
                0x0000000008000e6c                RTC_Alarm_IRQHandler
                0x0000000008000e6c                EXTI2_IRQHandler
                0x0000000008000e6c                SPI4_IRQHandler
                0x0000000008000e6c                TIM1_CC_IRQHandler
                0x0000000008000e6c                DMA2_Stream5_IRQHandler
                0x0000000008000e6c                DMA1_Stream5_IRQHandler
                0x0000000008000e6c                PVD_IRQHandler
                0x0000000008000e6c                SDIO_IRQHandler
                0x0000000008000e6c                TAMP_STAMP_IRQHandler
                0x0000000008000e6c                EXTI3_IRQHandler
                0x0000000008000e6c                TIM1_UP_TIM10_IRQHandler
                0x0000000008000e6c                I2C3_ER_IRQHandler
                0x0000000008000e6c                EXTI0_IRQHandler
                0x0000000008000e6c                I2C2_EV_IRQHandler
                0x0000000008000e6c                DMA1_Stream2_IRQHandler
                0x0000000008000e6c                FPU_IRQHandler
                0x0000000008000e6c                DMA2_Stream2_IRQHandler
                0x0000000008000e6c                SPI1_IRQHandler
                0x0000000008000e6c                TIM1_BRK_TIM9_IRQHandler
                0x0000000008000e6c                DMA2_Stream3_IRQHandler
                0x0000000008000e6c                USART6_IRQHandler
                0x0000000008000e6c                DMA2_Stream0_IRQHandler
                0x0000000008000e6c                TIM4_IRQHandler
                0x0000000008000e6c                I2C1_EV_IRQHandler
                0x0000000008000e6c                DMA1_Stream6_IRQHandler
                0x0000000008000e6c                DMA1_Stream1_IRQHandler
                0x0000000008000e6c                TIM3_IRQHandler
                0x0000000008000e6c                RCC_IRQHandler
                0x0000000008000e6c                Default_Handler
                0x0000000008000e6c                EXTI15_10_IRQHandler
                0x0000000008000e6c                ADC_IRQHandler
                0x0000000008000e6c                DMA1_Stream7_IRQHandler
                0x0000000008000e6c                SPI5_IRQHandler
                0x0000000008000e6c                TIM5_IRQHandler
                0x0000000008000e6c                DMA2_Stream7_IRQHandler
                0x0000000008000e6c                I2C3_EV_IRQHandler
                0x0000000008000e6c                EXTI9_5_IRQHandler
                0x0000000008000e6c                RTC_WKUP_IRQHandler
                0x0000000008000e6c                SPI2_IRQHandler
                0x0000000008000e6c                DMA1_Stream0_IRQHandler
                0x0000000008000e6c                EXTI4_IRQHandler
                0x0000000008000e6c                WWDG_IRQHandler
                0x0000000008000e6c                TIM2_IRQHandler
                0x0000000008000e6c                OTG_FS_WKUP_IRQHandler
                0x0000000008000e6c                TIM1_TRG_COM_TIM11_IRQHandler
                0x0000000008000e6c                EXTI1_IRQHandler
                0x0000000008000e6c                USART2_IRQHandler
                0x0000000008000e6c                I2C2_ER_IRQHandler
                0x0000000008000e6c                DMA2_Stream1_IRQHandler
                0x0000000008000e6c                FLASH_IRQHandler
                0x0000000008000e6c                DMA2_Stream4_IRQHandler
                0x0000000008000e6c                USART1_IRQHandler
                0x0000000008000e6c                OTG_FS_IRQHandler
                0x0000000008000e6c                SPI3_IRQHandler
                0x0000000008000e6c                DMA1_Stream4_IRQHandler
                0x0000000008000e6c                I2C1_ER_IRQHandler
                0x0000000008000e6c                DMA2_Stream6_IRQHandler
                0x0000000008000e6c                DMA1_Stream3_IRQHandler
 *fill*         0x0000000008000e6e        0x2 
 .text.HAL_Init
                0x0000000008000e70       0x44 ./Drivers/STM32F4xx_HAL_Driver/Src/stm32f4xx_hal.o
                0x0000000008000e70                HAL_Init
 .text.HAL_InitTick
                0x0000000008000eb4       0x60 ./Drivers/STM32F4xx_HAL_Driver/Src/stm32f4xx_hal.o
                0x0000000008000eb4                HAL_InitTick
 .text.HAL_IncTick
                0x0000000008000f14       0x28 ./Drivers/STM32F4xx_HAL_Driver/Src/stm32f4xx_hal.o
                0x0000000008000f14                HAL_IncTick
 .text.HAL_GetTick
                0x0000000008000f3c       0x18 ./Drivers/STM32F4xx_HAL_Driver/Src/stm32f4xx_hal.o
                0x0000000008000f3c                HAL_GetTick
 .text.HAL_Delay
                0x0000000008000f54       0x48 ./Drivers/STM32F4xx_HAL_Driver/Src/stm32f4xx_hal.o
                0x0000000008000f54                HAL_Delay
 .text.__NVIC_SetPriorityGrouping
                0x0000000008000f9c       0x48 ./Drivers/STM32F4xx_HAL_Driver/Src/stm32f4xx_hal_cortex.o
 .text.__NVIC_GetPriorityGrouping
                0x0000000008000fe4       0x1c ./Drivers/STM32F4xx_HAL_Driver/Src/stm32f4xx_hal_cortex.o
 .text.__NVIC_SetPriority
                0x0000000008001000       0x54 ./Drivers/STM32F4xx_HAL_Driver/Src/stm32f4xx_hal_cortex.o
 .text.NVIC_EncodePriority
                0x0000000008001054       0x66 ./Drivers/STM32F4xx_HAL_Driver/Src/stm32f4xx_hal_cortex.o
 *fill*         0x00000000080010ba        0x2 
 .text.SysTick_Config
                0x00000000080010bc       0x44 ./Drivers/STM32F4xx_HAL_Driver/Src/stm32f4xx_hal_cortex.o
 .text.HAL_NVIC_SetPriorityGrouping
                0x0000000008001100       0x16 ./Drivers/STM32F4xx_HAL_Driver/Src/stm32f4xx_hal_cortex.o
                0x0000000008001100                HAL_NVIC_SetPriorityGrouping
 .text.HAL_NVIC_SetPriority
                0x0000000008001116       0x38 ./Drivers/STM32F4xx_HAL_Driver/Src/stm32f4xx_hal_cortex.o
                0x0000000008001116                HAL_NVIC_SetPriority
 .text.HAL_SYSTICK_Config
                0x000000000800114e       0x18 ./Drivers/STM32F4xx_HAL_Driver/Src/stm32f4xx_hal_cortex.o
                0x000000000800114e                HAL_SYSTICK_Config
 *fill*         0x0000000008001166        0x2 
 .text.HAL_GPIO_Init
                0x0000000008001168      0x308 ./Drivers/STM32F4xx_HAL_Driver/Src/stm32f4xx_hal_gpio.o
                0x0000000008001168                HAL_GPIO_Init
 .text.HAL_GPIO_WritePin
                0x0000000008001470       0x32 ./Drivers/STM32F4xx_HAL_Driver/Src/stm32f4xx_hal_gpio.o
                0x0000000008001470                HAL_GPIO_WritePin
 *fill*         0x00000000080014a2        0x2 
 .text.HAL_RCC_OscConfig
                0x00000000080014a4      0x4f0 ./Drivers/STM32F4xx_HAL_Driver/Src/stm32f4xx_hal_rcc.o
                0x00000000080014a4                HAL_RCC_OscConfig
 .text.HAL_RCC_ClockConfig
                0x0000000008001994      0x1cc ./Drivers/STM32F4xx_HAL_Driver/Src/stm32f4xx_hal_rcc.o
                0x0000000008001994                HAL_RCC_ClockConfig
 .text.HAL_RCC_GetSysClockFreq
                0x0000000008001b60      0x1c4 ./Drivers/STM32F4xx_HAL_Driver/Src/stm32f4xx_hal_rcc.o
                0x0000000008001b60                HAL_RCC_GetSysClockFreq
 .text.HAL_RCC_GetHCLKFreq
                0x0000000008001d24       0x18 ./Drivers/STM32F4xx_HAL_Driver/Src/stm32f4xx_hal_rcc.o
                0x0000000008001d24                HAL_RCC_GetHCLKFreq
 .text.HAL_RCC_GetPCLK1Freq
                0x0000000008001d3c       0x28 ./Drivers/STM32F4xx_HAL_Driver/Src/stm32f4xx_hal_rcc.o
                0x0000000008001d3c                HAL_RCC_GetPCLK1Freq
 .text.HAL_RCC_GetPCLK2Freq
                0x0000000008001d64       0x28 ./Drivers/STM32F4xx_HAL_Driver/Src/stm32f4xx_hal_rcc.o
                0x0000000008001d64                HAL_RCC_GetPCLK2Freq
 .text.HAL_SPI_Init
                0x0000000008001d8c      0x112 ./Drivers/STM32F4xx_HAL_Driver/Src/stm32f4xx_hal_spi.o
                0x0000000008001d8c                HAL_SPI_Init
 .text.HAL_UART_Init
                0x0000000008001e9e       0x9a ./Drivers/STM32F4xx_HAL_Driver/Src/stm32f4xx_hal_uart.o
                0x0000000008001e9e                HAL_UART_Init
 .text.UART_SetConfig
                0x0000000008001f38      0x390 ./Drivers/STM32F4xx_HAL_Driver/Src/stm32f4xx_hal_uart.o
 .text.__libc_init_array
                0x00000000080022c8       0x48 f:/programy/stm32cubeide_1.6.1/stm32cubeide/plugins/com.st.stm32cube.ide.mcu.externaltools.gnu-tools-for-stm32.9-2020-q2-update.win32_2.0.0.202105311346/tools/bin/../lib/gcc/arm-none-eabi/9.3.1/../../../../arm-none-eabi/lib/thumb/v7e-m+fp/hard\libc_nano.a(lib_a-init.o)
                0x00000000080022c8                __libc_init_array
 .text.memset   0x0000000008002310       0x10 f:/programy/stm32cubeide_1.6.1/stm32cubeide/plugins/com.st.stm32cube.ide.mcu.externaltools.gnu-tools-for-stm32.9-2020-q2-update.win32_2.0.0.202105311346/tools/bin/../lib/gcc/arm-none-eabi/9.3.1/../../../../arm-none-eabi/lib/thumb/v7e-m+fp/hard\libc_nano.a(lib_a-memset.o)
                0x0000000008002310                memset
 *(.glue_7)
 .glue_7        0x0000000008002320        0x0 linker stubs
 *(.glue_7t)
 .glue_7t       0x0000000008002320        0x0 linker stubs
 *(.eh_frame)
 .eh_frame      0x0000000008002320        0x0 f:/programy/stm32cubeide_1.6.1/stm32cubeide/plugins/com.st.stm32cube.ide.mcu.externaltools.gnu-tools-for-stm32.9-2020-q2-update.win32_2.0.0.202105311346/tools/bin/../lib/gcc/arm-none-eabi/9.3.1/thumb/v7e-m+fp/hard/crtbegin.o
 *(.init)
 .init          0x0000000008002320        0x4 f:/programy/stm32cubeide_1.6.1/stm32cubeide/plugins/com.st.stm32cube.ide.mcu.externaltools.gnu-tools-for-stm32.9-2020-q2-update.win32_2.0.0.202105311346/tools/bin/../lib/gcc/arm-none-eabi/9.3.1/thumb/v7e-m+fp/hard/crti.o
                0x0000000008002320                _init
 .init          0x0000000008002324        0x8 f:/programy/stm32cubeide_1.6.1/stm32cubeide/plugins/com.st.stm32cube.ide.mcu.externaltools.gnu-tools-for-stm32.9-2020-q2-update.win32_2.0.0.202105311346/tools/bin/../lib/gcc/arm-none-eabi/9.3.1/thumb/v7e-m+fp/hard/crtn.o
 *(.fini)
 .fini          0x000000000800232c        0x4 f:/programy/stm32cubeide_1.6.1/stm32cubeide/plugins/com.st.stm32cube.ide.mcu.externaltools.gnu-tools-for-stm32.9-2020-q2-update.win32_2.0.0.202105311346/tools/bin/../lib/gcc/arm-none-eabi/9.3.1/thumb/v7e-m+fp/hard/crti.o
                0x000000000800232c                _fini
 .fini          0x0000000008002330        0x8 f:/programy/stm32cubeide_1.6.1/stm32cubeide/plugins/com.st.stm32cube.ide.mcu.externaltools.gnu-tools-for-stm32.9-2020-q2-update.win32_2.0.0.202105311346/tools/bin/../lib/gcc/arm-none-eabi/9.3.1/thumb/v7e-m+fp/hard/crtn.o
                0x0000000008002338                . = ALIGN (0x4)
                0x0000000008002338                _etext = .

.vfp11_veneer   0x0000000008002338        0x0
 .vfp11_veneer  0x0000000008002338        0x0 linker stubs

.v4_bx          0x0000000008002338        0x0
 .v4_bx         0x0000000008002338        0x0 linker stubs

.iplt           0x0000000008002338        0x0
 .iplt          0x0000000008002338        0x0 f:/programy/stm32cubeide_1.6.1/stm32cubeide/plugins/com.st.stm32cube.ide.mcu.externaltools.gnu-tools-for-stm32.9-2020-q2-update.win32_2.0.0.202105311346/tools/bin/../lib/gcc/arm-none-eabi/9.3.1/thumb/v7e-m+fp/hard/crtbegin.o

.rodata         0x0000000008002338    0x1c288
                0x0000000008002338                . = ALIGN (0x4)
 *(.rodata)
 *(.rodata*)
 .rodata.initcmd
                0x0000000008002338       0x6f ./Core/Src/ILI9341.o
 *fill*         0x00000000080023a7        0x1 
 .rodata.logo   0x00000000080023a8    0x1c200 ./Core/Src/main.o
                0x00000000080023a8                logo
 .rodata.AHBPrescTable
                0x000000000801e5a8       0x10 ./Core/Src/system_stm32f4xx.o
                0x000000000801e5a8                AHBPrescTable
 .rodata.APBPrescTable
                0x000000000801e5b8        0x8 ./Core/Src/system_stm32f4xx.o
                0x000000000801e5b8                APBPrescTable
                0x000000000801e5c0                . = ALIGN (0x4)

.ARM.extab      0x000000000801e5c0        0x0
                0x000000000801e5c0                . = ALIGN (0x4)
 *(.ARM.extab* .gnu.linkonce.armextab.*)
                0x000000000801e5c0                . = ALIGN (0x4)

.ARM            0x000000000801e5c0        0x8
                0x000000000801e5c0                . = ALIGN (0x4)
                0x000000000801e5c0                __exidx_start = .
 *(.ARM.exidx*)
 .ARM.exidx     0x000000000801e5c0        0x8 f:/programy/stm32cubeide_1.6.1/stm32cubeide/plugins/com.st.stm32cube.ide.mcu.externaltools.gnu-tools-for-stm32.9-2020-q2-update.win32_2.0.0.202105311346/tools/bin/../lib/gcc/arm-none-eabi/9.3.1/thumb/v7e-m+fp/hard\libgcc.a(_udivmoddi4.o)
                0x000000000801e5c8                __exidx_end = .
                0x000000000801e5c8                . = ALIGN (0x4)

.rel.dyn        0x000000000801e5c8        0x0
 .rel.iplt      0x000000000801e5c8        0x0 f:/programy/stm32cubeide_1.6.1/stm32cubeide/plugins/com.st.stm32cube.ide.mcu.externaltools.gnu-tools-for-stm32.9-2020-q2-update.win32_2.0.0.202105311346/tools/bin/../lib/gcc/arm-none-eabi/9.3.1/thumb/v7e-m+fp/hard/crtbegin.o

.preinit_array  0x000000000801e5c8        0x0
                0x000000000801e5c8                . = ALIGN (0x4)
                0x000000000801e5c8                PROVIDE (__preinit_array_start = .)
 *(.preinit_array*)
                0x000000000801e5c8                PROVIDE (__preinit_array_end = .)
                0x000000000801e5c8                . = ALIGN (0x4)

.init_array     0x000000000801e5c8        0x4
                0x000000000801e5c8                . = ALIGN (0x4)
                0x000000000801e5c8                PROVIDE (__init_array_start = .)
 *(SORT_BY_NAME(.init_array.*))
 *(.init_array*)
 .init_array    0x000000000801e5c8        0x4 f:/programy/stm32cubeide_1.6.1/stm32cubeide/plugins/com.st.stm32cube.ide.mcu.externaltools.gnu-tools-for-stm32.9-2020-q2-update.win32_2.0.0.202105311346/tools/bin/../lib/gcc/arm-none-eabi/9.3.1/thumb/v7e-m+fp/hard/crtbegin.o
                0x000000000801e5cc                PROVIDE (__init_array_end = .)
                0x000000000801e5cc                . = ALIGN (0x4)

.fini_array     0x000000000801e5cc        0x4
                0x000000000801e5cc                . = ALIGN (0x4)
                [!provide]                        PROVIDE (__fini_array_start = .)
 *(SORT_BY_NAME(.fini_array.*))
 *(.fini_array*)
 .fini_array    0x000000000801e5cc        0x4 f:/programy/stm32cubeide_1.6.1/stm32cubeide/plugins/com.st.stm32cube.ide.mcu.externaltools.gnu-tools-for-stm32.9-2020-q2-update.win32_2.0.0.202105311346/tools/bin/../lib/gcc/arm-none-eabi/9.3.1/thumb/v7e-m+fp/hard/crtbegin.o
                [!provide]                        PROVIDE (__fini_array_end = .)
                0x000000000801e5d0                . = ALIGN (0x4)
                0x000000000801e5d0                _sidata = LOADADDR (.data)

.data           0x0000000020000000        0xc load address 0x000000000801e5d0
                0x0000000020000000                . = ALIGN (0x4)
                0x0000000020000000                _sdata = .
 *(.data)
 *(.data*)
 .data.SystemCoreClock
                0x0000000020000000        0x4 ./Core/Src/system_stm32f4xx.o
                0x0000000020000000                SystemCoreClock
 .data.uwTickPrio
                0x0000000020000004        0x4 ./Drivers/STM32F4xx_HAL_Driver/Src/stm32f4xx_hal.o
                0x0000000020000004                uwTickPrio
 .data.uwTickFreq
                0x0000000020000008        0x1 ./Drivers/STM32F4xx_HAL_Driver/Src/stm32f4xx_hal.o
                0x0000000020000008                uwTickFreq
 *(.RamFunc)
 *(.RamFunc*)
                0x000000002000000c                . = ALIGN (0x4)
 *fill*         0x0000000020000009        0x3 
                0x000000002000000c                _edata = .

.igot.plt       0x000000002000000c        0x0 load address 0x000000000801e5dc
 .igot.plt      0x000000002000000c        0x0 f:/programy/stm32cubeide_1.6.1/stm32cubeide/plugins/com.st.stm32cube.ide.mcu.externaltools.gnu-tools-for-stm32.9-2020-q2-update.win32_2.0.0.202105311346/tools/bin/../lib/gcc/arm-none-eabi/9.3.1/thumb/v7e-m+fp/hard/crtbegin.o
                0x000000002000000c                . = ALIGN (0x4)

.bss            0x000000002000000c       0xc0 load address 0x000000000801e5dc
                0x000000002000000c                _sbss = .
                0x000000002000000c                __bss_start__ = _sbss
 *(.bss)
 .bss           0x000000002000000c       0x1c f:/programy/stm32cubeide_1.6.1/stm32cubeide/plugins/com.st.stm32cube.ide.mcu.externaltools.gnu-tools-for-stm32.9-2020-q2-update.win32_2.0.0.202105311346/tools/bin/../lib/gcc/arm-none-eabi/9.3.1/thumb/v7e-m+fp/hard/crtbegin.o
 *(.bss*)
 *(COMMON)
 COMMON         0x0000000020000028        0x4 ./Core/Src/ILI9341.o
                0x0000000020000028                Tft_hspi
 COMMON         0x000000002000002c       0x58 ./Core/Src/spi.o
                0x000000002000002c                hspi1
 COMMON         0x0000000020000084       0x44 ./Core/Src/usart.o
                0x0000000020000084                huart2
 COMMON         0x00000000200000c8        0x4 ./Drivers/STM32F4xx_HAL_Driver/Src/stm32f4xx_hal.o
                0x00000000200000c8                uwTick
                0x00000000200000cc                . = ALIGN (0x4)
                0x00000000200000cc                _ebss = .
                0x00000000200000cc                __bss_end__ = _ebss

._user_heap_stack
                0x00000000200000cc      0x604 load address 0x000000000801e5dc
                0x00000000200000d0                . = ALIGN (0x8)
 *fill*         0x00000000200000cc        0x4 
                [!provide]                        PROVIDE (end = .)
                0x00000000200000d0                PROVIDE (_end = .)
                0x00000000200002d0                . = (. + _Min_Heap_Size)
 *fill*         0x00000000200000d0      0x200 
                0x00000000200006d0                . = (. + _Min_Stack_Size)
 *fill*         0x00000000200002d0      0x400 
                0x00000000200006d0                . = ALIGN (0x8)

/DISCARD/
 libc.a(*)
 libm.a(*)
 libgcc.a(*)

.ARM.attributes
                0x0000000000000000       0x30
 *(.ARM.attributes)
 .ARM.attributes
                0x0000000000000000       0x1e f:/programy/stm32cubeide_1.6.1/stm32cubeide/plugins/com.st.stm32cube.ide.mcu.externaltools.gnu-tools-for-stm32.9-2020-q2-update.win32_2.0.0.202105311346/tools/bin/../lib/gcc/arm-none-eabi/9.3.1/thumb/v7e-m+fp/hard/crti.o
 .ARM.attributes
                0x000000000000001e       0x34 f:/programy/stm32cubeide_1.6.1/stm32cubeide/plugins/com.st.stm32cube.ide.mcu.externaltools.gnu-tools-for-stm32.9-2020-q2-update.win32_2.0.0.202105311346/tools/bin/../lib/gcc/arm-none-eabi/9.3.1/thumb/v7e-m+fp/hard/crtbegin.o
 .ARM.attributes
                0x0000000000000052       0x34 ./Core/Src/GFX_TFT.o
 .ARM.attributes
                0x0000000000000086       0x34 ./Core/Src/ILI9341.o
 .ARM.attributes
                0x00000000000000ba       0x34 ./Core/Src/gpio.o
 .ARM.attributes
                0x00000000000000ee       0x34 ./Core/Src/main.o
 .ARM.attributes
                0x0000000000000122       0x34 ./Core/Src/spi.o
 .ARM.attributes
                0x0000000000000156       0x34 ./Core/Src/stm32f4xx_hal_msp.o
 .ARM.attributes
                0x000000000000018a       0x34 ./Core/Src/stm32f4xx_it.o
 .ARM.attributes
                0x00000000000001be       0x34 ./Core/Src/system_stm32f4xx.o
 .ARM.attributes
                0x00000000000001f2       0x34 ./Core/Src/usart.o
 .ARM.attributes
                0x0000000000000226       0x21 ./Core/Startup/startup_stm32f411retx.o
 .ARM.attributes
                0x0000000000000247       0x34 ./Drivers/STM32F4xx_HAL_Driver/Src/stm32f4xx_hal.o
 .ARM.attributes
                0x000000000000027b       0x34 ./Drivers/STM32F4xx_HAL_Driver/Src/stm32f4xx_hal_cortex.o
 .ARM.attributes
                0x00000000000002af       0x34 ./Drivers/STM32F4xx_HAL_Driver/Src/stm32f4xx_hal_gpio.o
 .ARM.attributes
                0x00000000000002e3       0x34 ./Drivers/STM32F4xx_HAL_Driver/Src/stm32f4xx_hal_rcc.o
 .ARM.attributes
                0x0000000000000317       0x34 ./Drivers/STM32F4xx_HAL_Driver/Src/stm32f4xx_hal_spi.o
 .ARM.attributes
                0x000000000000034b       0x34 ./Drivers/STM32F4xx_HAL_Driver/Src/stm32f4xx_hal_uart.o
 .ARM.attributes
                0x000000000000037f       0x34 f:/programy/stm32cubeide_1.6.1/stm32cubeide/plugins/com.st.stm32cube.ide.mcu.externaltools.gnu-tools-for-stm32.9-2020-q2-update.win32_2.0.0.202105311346/tools/bin/../lib/gcc/arm-none-eabi/9.3.1/../../../../arm-none-eabi/lib/thumb/v7e-m+fp/hard\libc_nano.a(lib_a-init.o)
 .ARM.attributes
                0x00000000000003b3       0x34 f:/programy/stm32cubeide_1.6.1/stm32cubeide/plugins/com.st.stm32cube.ide.mcu.externaltools.gnu-tools-for-stm32.9-2020-q2-update.win32_2.0.0.202105311346/tools/bin/../lib/gcc/arm-none-eabi/9.3.1/../../../../arm-none-eabi/lib/thumb/v7e-m+fp/hard\libc_nano.a(lib_a-memset.o)
 .ARM.attributes
                0x00000000000003e7       0x1e f:/programy/stm32cubeide_1.6.1/stm32cubeide/plugins/com.st.stm32cube.ide.mcu.externaltools.gnu-tools-for-stm32.9-2020-q2-update.win32_2.0.0.202105311346/tools/bin/../lib/gcc/arm-none-eabi/9.3.1/thumb/v7e-m+fp/hard\libgcc.a(_aeabi_uldivmod.o)
 .ARM.attributes
                0x0000000000000405       0x34 f:/programy/stm32cubeide_1.6.1/stm32cubeide/plugins/com.st.stm32cube.ide.mcu.externaltools.gnu-tools-for-stm32.9-2020-q2-update.win32_2.0.0.202105311346/tools/bin/../lib/gcc/arm-none-eabi/9.3.1/thumb/v7e-m+fp/hard\libgcc.a(_udivmoddi4.o)
 .ARM.attributes
                0x0000000000000439       0x1e f:/programy/stm32cubeide_1.6.1/stm32cubeide/plugins/com.st.stm32cube.ide.mcu.externaltools.gnu-tools-for-stm32.9-2020-q2-update.win32_2.0.0.202105311346/tools/bin/../lib/gcc/arm-none-eabi/9.3.1/thumb/v7e-m+fp/hard\libgcc.a(_dvmd_tls.o)
 .ARM.attributes
                0x0000000000000457       0x1e f:/programy/stm32cubeide_1.6.1/stm32cubeide/plugins/com.st.stm32cube.ide.mcu.externaltools.gnu-tools-for-stm32.9-2020-q2-update.win32_2.0.0.202105311346/tools/bin/../lib/gcc/arm-none-eabi/9.3.1/thumb/v7e-m+fp/hard/crtn.o
OUTPUT(SPI_TFT.elf elf32-littlearm)
LOAD linker stubs
LOAD f:/programy/stm32cubeide_1.6.1/stm32cubeide/plugins/com.st.stm32cube.ide.mcu.externaltools.gnu-tools-for-stm32.9-2020-q2-update.win32_2.0.0.202105311346/tools/bin/../lib/gcc/arm-none-eabi/9.3.1/../../../../arm-none-eabi/lib/thumb/v7e-m+fp/hard\libc.a
LOAD f:/programy/stm32cubeide_1.6.1/stm32cubeide/plugins/com.st.stm32cube.ide.mcu.externaltools.gnu-tools-for-stm32.9-2020-q2-update.win32_2.0.0.202105311346/tools/bin/../lib/gcc/arm-none-eabi/9.3.1/../../../../arm-none-eabi/lib/thumb/v7e-m+fp/hard\libm.a
LOAD f:/programy/stm32cubeide_1.6.1/stm32cubeide/plugins/com.st.stm32cube.ide.mcu.externaltools.gnu-tools-for-stm32.9-2020-q2-update.win32_2.0.0.202105311346/tools/bin/../lib/gcc/arm-none-eabi/9.3.1/thumb/v7e-m+fp/hard\libgcc.a

.debug_info     0x0000000000000000     0xc63e
 .debug_info    0x0000000000000000     0x1583 ./Core/Src/GFX_TFT.o
 .debug_info    0x0000000000001583      0xa67 ./Core/Src/ILI9341.o
 .debug_info    0x0000000000001fea      0x53e ./Core/Src/gpio.o
 .debug_info    0x0000000000002528      0xd63 ./Core/Src/main.o
 .debug_info    0x000000000000328b      0xa7e ./Core/Src/spi.o
 .debug_info    0x0000000000003d09      0x3c0 ./Core/Src/stm32f4xx_hal_msp.o
 .debug_info    0x00000000000040c9      0x222 ./Core/Src/stm32f4xx_it.o
 .debug_info    0x00000000000042eb      0x5d0 ./Core/Src/system_stm32f4xx.o
 .debug_info    0x00000000000048bb      0xa28 ./Core/Src/usart.o
 .debug_info    0x00000000000052e3       0x22 ./Core/Startup/startup_stm32f411retx.o
 .debug_info    0x0000000000005305      0x944 ./Drivers/STM32F4xx_HAL_Driver/Src/stm32f4xx_hal.o
 .debug_info    0x0000000000005c49      0xe47 ./Drivers/STM32F4xx_HAL_Driver/Src/stm32f4xx_hal_cortex.o
 .debug_info    0x0000000000006a90      0x862 ./Drivers/STM32F4xx_HAL_Driver/Src/stm32f4xx_hal_gpio.o
 .debug_info    0x00000000000072f2      0x9be ./Drivers/STM32F4xx_HAL_Driver/Src/stm32f4xx_hal_rcc.o
 .debug_info    0x0000000000007cb0     0x17b8 ./Drivers/STM32F4xx_HAL_Driver/Src/stm32f4xx_hal_spi.o
 .debug_info    0x0000000000009468     0x31d6 ./Drivers/STM32F4xx_HAL_Driver/Src/stm32f4xx_hal_uart.o

.debug_abbrev   0x0000000000000000     0x1e12
 .debug_abbrev  0x0000000000000000      0x2d6 ./Core/Src/GFX_TFT.o
 .debug_abbrev  0x00000000000002d6      0x208 ./Core/Src/ILI9341.o
 .debug_abbrev  0x00000000000004de      0x14e ./Core/Src/gpio.o
 .debug_abbrev  0x000000000000062c      0x200 ./Core/Src/main.o
 .debug_abbrev  0x000000000000082c      0x1bb ./Core/Src/spi.o
 .debug_abbrev  0x00000000000009e7      0x11d ./Core/Src/stm32f4xx_hal_msp.o
 .debug_abbrev  0x0000000000000b04       0xd2 ./Core/Src/stm32f4xx_it.o
 .debug_abbrev  0x0000000000000bd6      0x145 ./Core/Src/system_stm32f4xx.o
 .debug_abbrev  0x0000000000000d1b      0x1bb ./Core/Src/usart.o
 .debug_abbrev  0x0000000000000ed6       0x12 ./Core/Startup/startup_stm32f411retx.o
 .debug_abbrev  0x0000000000000ee8      0x21e ./Drivers/STM32F4xx_HAL_Driver/Src/stm32f4xx_hal.o
 .debug_abbrev  0x0000000000001106      0x33c ./Drivers/STM32F4xx_HAL_Driver/Src/stm32f4xx_hal_cortex.o
 .debug_abbrev  0x0000000000001442      0x1f1 ./Drivers/STM32F4xx_HAL_Driver/Src/stm32f4xx_hal_gpio.o
 .debug_abbrev  0x0000000000001633      0x275 ./Drivers/STM32F4xx_HAL_Driver/Src/stm32f4xx_hal_rcc.o
 .debug_abbrev  0x00000000000018a8      0x26e ./Drivers/STM32F4xx_HAL_Driver/Src/stm32f4xx_hal_spi.o
 .debug_abbrev  0x0000000000001b16      0x2fc ./Drivers/STM32F4xx_HAL_Driver/Src/stm32f4xx_hal_uart.o

.debug_aranges  0x0000000000000000      0x968
 .debug_aranges
                0x0000000000000000       0xc8 ./Core/Src/GFX_TFT.o
 .debug_aranges
                0x00000000000000c8       0x68 ./Core/Src/ILI9341.o
 .debug_aranges
                0x0000000000000130       0x20 ./Core/Src/gpio.o
 .debug_aranges
                0x0000000000000150       0x30 ./Core/Src/main.o
 .debug_aranges
                0x0000000000000180       0x30 ./Core/Src/spi.o
 .debug_aranges
                0x00000000000001b0       0x20 ./Core/Src/stm32f4xx_hal_msp.o
 .debug_aranges
                0x00000000000001d0       0x60 ./Core/Src/stm32f4xx_it.o
 .debug_aranges
                0x0000000000000230       0x28 ./Core/Src/system_stm32f4xx.o
 .debug_aranges
                0x0000000000000258       0x30 ./Core/Src/usart.o
 .debug_aranges
                0x0000000000000288       0x28 ./Core/Startup/startup_stm32f411retx.o
 .debug_aranges
                0x00000000000002b0       0xf0 ./Drivers/STM32F4xx_HAL_Driver/Src/stm32f4xx_hal.o
 .debug_aranges
                0x00000000000003a0      0x118 ./Drivers/STM32F4xx_HAL_Driver/Src/stm32f4xx_hal_cortex.o
 .debug_aranges
                0x00000000000004b8       0x58 ./Drivers/STM32F4xx_HAL_Driver/Src/stm32f4xx_hal_gpio.o
 .debug_aranges
                0x0000000000000510       0x88 ./Drivers/STM32F4xx_HAL_Driver/Src/stm32f4xx_hal_rcc.o
 .debug_aranges
                0x0000000000000598      0x1d0 ./Drivers/STM32F4xx_HAL_Driver/Src/stm32f4xx_hal_spi.o
 .debug_aranges
                0x0000000000000768      0x200 ./Drivers/STM32F4xx_HAL_Driver/Src/stm32f4xx_hal_uart.o

.debug_ranges   0x0000000000000000      0x8a0
 .debug_ranges  0x0000000000000000       0xb8 ./Core/Src/GFX_TFT.o
 .debug_ranges  0x00000000000000b8       0x58 ./Core/Src/ILI9341.o
 .debug_ranges  0x0000000000000110       0x10 ./Core/Src/gpio.o
 .debug_ranges  0x0000000000000120       0x20 ./Core/Src/main.o
 .debug_ranges  0x0000000000000140       0x20 ./Core/Src/spi.o
 .debug_ranges  0x0000000000000160       0x10 ./Core/Src/stm32f4xx_hal_msp.o
 .debug_ranges  0x0000000000000170       0x50 ./Core/Src/stm32f4xx_it.o
 .debug_ranges  0x00000000000001c0       0x18 ./Core/Src/system_stm32f4xx.o
 .debug_ranges  0x00000000000001d8       0x20 ./Core/Src/usart.o
 .debug_ranges  0x00000000000001f8       0x20 ./Core/Startup/startup_stm32f411retx.o
 .debug_ranges  0x0000000000000218       0xe0 ./Drivers/STM32F4xx_HAL_Driver/Src/stm32f4xx_hal.o
 .debug_ranges  0x00000000000002f8      0x108 ./Drivers/STM32F4xx_HAL_Driver/Src/stm32f4xx_hal_cortex.o
 .debug_ranges  0x0000000000000400       0x48 ./Drivers/STM32F4xx_HAL_Driver/Src/stm32f4xx_hal_gpio.o
 .debug_ranges  0x0000000000000448       0x78 ./Drivers/STM32F4xx_HAL_Driver/Src/stm32f4xx_hal_rcc.o
 .debug_ranges  0x00000000000004c0      0x1c0 ./Drivers/STM32F4xx_HAL_Driver/Src/stm32f4xx_hal_spi.o
 .debug_ranges  0x0000000000000680      0x220 ./Drivers/STM32F4xx_HAL_Driver/Src/stm32f4xx_hal_uart.o

.debug_macro    0x0000000000000000     0x2428
 .debug_macro   0x0000000000000000      0x2b7 ./Core/Src/GFX_TFT.o
 .debug_macro   0x00000000000002b7       0x18 ./Core/Src/GFX_TFT.o
 .debug_macro   0x00000000000002cf       0x52 ./Core/Src/GFX_TFT.o
 .debug_macro   0x0000000000000321       0x3c ./Core/Src/GFX_TFT.o
 .debug_macro   0x000000000000035d       0x34 ./Core/Src/GFX_TFT.o
 .debug_macro   0x0000000000000391       0x16 ./Core/Src/GFX_TFT.o
 .debug_macro   0x00000000000003a7       0x35 ./Core/Src/GFX_TFT.o
 .debug_macro   0x00000000000003dc       0x16 ./Core/Src/GFX_TFT.o
 .debug_macro   0x00000000000003f2       0x43 ./Core/Src/GFX_TFT.o
 .debug_macro   0x0000000000000435       0x34 ./Core/Src/GFX_TFT.o
 .debug_macro   0x0000000000000469       0x10 ./Core/Src/GFX_TFT.o
 .debug_macro   0x0000000000000479       0x58 ./Core/Src/GFX_TFT.o
 .debug_macro   0x00000000000004d1       0x71 ./Core/Src/GFX_TFT.o
 .debug_macro   0x0000000000000542       0x1c ./Core/Src/GFX_TFT.o
 .debug_macro   0x000000000000055e      0x12a ./Core/Src/GFX_TFT.o
 .debug_macro   0x0000000000000688      0x333 ./Core/Src/GFX_TFT.o
 .debug_macro   0x00000000000009bb       0x16 ./Core/Src/GFX_TFT.o
 .debug_macro   0x00000000000009d1       0x29 ./Core/Src/GFX_TFT.o
 .debug_macro   0x00000000000009fa      0x1dc ./Core/Src/ILI9341.o
 .debug_macro   0x0000000000000bd6      0x1dd ./Core/Src/gpio.o
 .debug_macro   0x0000000000000db3      0x215 ./Core/Src/main.o
 .debug_macro   0x0000000000000fc8      0x1dd ./Core/Src/spi.o
 .debug_macro   0x00000000000011a5      0x1d3 ./Core/Src/stm32f4xx_hal_msp.o
 .debug_macro   0x0000000000001378      0x1dd ./Core/Src/stm32f4xx_it.o
 .debug_macro   0x0000000000001555      0x1c4 ./Core/Src/system_stm32f4xx.o
 .debug_macro   0x0000000000001719      0x1dd ./Core/Src/usart.o
 .debug_macro   0x00000000000018f6      0x224 ./Drivers/STM32F4xx_HAL_Driver/Src/stm32f4xx_hal.o
 .debug_macro   0x0000000000001b1a      0x1c4 ./Drivers/STM32F4xx_HAL_Driver/Src/stm32f4xx_hal_cortex.o
 .debug_macro   0x0000000000001cde      0x1ca ./Drivers/STM32F4xx_HAL_Driver/Src/stm32f4xx_hal_gpio.o
 .debug_macro   0x0000000000001ea8      0x1e8 ./Drivers/STM32F4xx_HAL_Driver/Src/stm32f4xx_hal_rcc.o
 .debug_macro   0x0000000000002090      0x1d3 ./Drivers/STM32F4xx_HAL_Driver/Src/stm32f4xx_hal_spi.o
 .debug_macro   0x0000000000002263      0x1c5 ./Drivers/STM32F4xx_HAL_Driver/Src/stm32f4xx_hal_uart.o

.debug_line     0x0000000000000000     0xbe7d
 .debug_line    0x0000000000000000      0xe38 ./Core/Src/GFX_TFT.o
 .debug_line    0x0000000000000e38      0x8b2 ./Core/Src/ILI9341.o
 .debug_line    0x00000000000016ea      0x6fa ./Core/Src/gpio.o
 .debug_line    0x0000000000001de4      0x79f ./Core/Src/main.o
 .debug_line    0x0000000000002583      0x736 ./Core/Src/spi.o
 .debug_line    0x0000000000002cb9      0x6c5 ./Core/Src/stm32f4xx_hal_msp.o
 .debug_line    0x000000000000337e      0x787 ./Core/Src/stm32f4xx_it.o
 .debug_line    0x0000000000003b05      0x746 ./Core/Src/system_stm32f4xx.o
 .debug_line    0x000000000000424b      0x72e ./Core/Src/usart.o
 .debug_line    0x0000000000004979       0x88 ./Core/Startup/startup_stm32f411retx.o
 .debug_line    0x0000000000004a01      0x9ac ./Drivers/STM32F4xx_HAL_Driver/Src/stm32f4xx_hal.o
 .debug_line    0x00000000000053ad      0xc5b ./Drivers/STM32F4xx_HAL_Driver/Src/stm32f4xx_hal_cortex.o
 .debug_line    0x0000000000006008      0xae6 ./Drivers/STM32F4xx_HAL_Driver/Src/stm32f4xx_hal_gpio.o
 .debug_line    0x0000000000006aee      0xd28 ./Drivers/STM32F4xx_HAL_Driver/Src/stm32f4xx_hal_rcc.o
 .debug_line    0x0000000000007816     0x1c34 ./Drivers/STM32F4xx_HAL_Driver/Src/stm32f4xx_hal_spi.o
 .debug_line    0x000000000000944a     0x2a33 ./Drivers/STM32F4xx_HAL_Driver/Src/stm32f4xx_hal_uart.o

.debug_str      0x0000000000000000    0x87444
 .debug_str     0x0000000000000000    0x84c1d ./Core/Src/GFX_TFT.o
                                      0x84f62 (size before relaxing)
 .debug_str     0x0000000000084c1d      0x538 ./Core/Src/ILI9341.o
                                      0x81e3e (size before relaxing)
 .debug_str     0x0000000000085155      0x172 ./Core/Src/gpio.o
                                      0x8121a (size before relaxing)
 .debug_str     0x00000000000852c7      0x332 ./Core/Src/main.o
                                      0x822fb (size before relaxing)
 .debug_str     0x00000000000855f9       0x4b ./Core/Src/spi.o
                                      0x81677 (size before relaxing)
 .debug_str     0x0000000000085644       0x2c ./Core/Src/stm32f4xx_hal_msp.o
                                      0x8117d (size before relaxing)
 .debug_str     0x0000000000085670       0xbd ./Core/Src/stm32f4xx_it.o
                                      0x810f9 (size before relaxing)
 .debug_str     0x000000000008572d       0xaf ./Core/Src/system_stm32f4xx.o
                                      0x81067 (size before relaxing)
 .debug_str     0x00000000000857dc       0x57 ./Core/Src/usart.o
                                      0x8167f (size before relaxing)
 .debug_str     0x0000000000085833       0x36 ./Core/Startup/startup_stm32f411retx.o
                                         0x70 (size before relaxing)
 .debug_str     0x0000000000085869      0x90f ./Drivers/STM32F4xx_HAL_Driver/Src/stm32f4xx_hal.o
                                      0x819f1 (size before relaxing)
 .debug_str     0x0000000000086178      0x399 ./Drivers/STM32F4xx_HAL_Driver/Src/stm32f4xx_hal_cortex.o
                                      0x817ce (size before relaxing)
 .debug_str     0x0000000000086511      0x15f ./Drivers/STM32F4xx_HAL_Driver/Src/stm32f4xx_hal_gpio.o
                                      0x8120e (size before relaxing)
 .debug_str     0x0000000000086670      0x259 ./Drivers/STM32F4xx_HAL_Driver/Src/stm32f4xx_hal_rcc.o
                                      0x81469 (size before relaxing)
 .debug_str     0x00000000000868c9      0x57f ./Drivers/STM32F4xx_HAL_Driver/Src/stm32f4xx_hal_spi.o
                                      0x818f9 (size before relaxing)
 .debug_str     0x0000000000086e48      0x5fc ./Drivers/STM32F4xx_HAL_Driver/Src/stm32f4xx_hal_uart.o
                                      0x819dd (size before relaxing)

.comment        0x0000000000000000       0x53
 .comment       0x0000000000000000       0x53 ./Core/Src/GFX_TFT.o
                                         0x54 (size before relaxing)
 .comment       0x0000000000000053       0x54 ./Core/Src/ILI9341.o
 .comment       0x0000000000000053       0x54 ./Core/Src/gpio.o
 .comment       0x0000000000000053       0x54 ./Core/Src/main.o
 .comment       0x0000000000000053       0x54 ./Core/Src/spi.o
 .comment       0x0000000000000053       0x54 ./Core/Src/stm32f4xx_hal_msp.o
 .comment       0x0000000000000053       0x54 ./Core/Src/stm32f4xx_it.o
 .comment       0x0000000000000053       0x54 ./Core/Src/system_stm32f4xx.o
 .comment       0x0000000000000053       0x54 ./Core/Src/usart.o
 .comment       0x0000000000000053       0x54 ./Drivers/STM32F4xx_HAL_Driver/Src/stm32f4xx_hal.o
 .comment       0x0000000000000053       0x54 ./Drivers/STM32F4xx_HAL_Driver/Src/stm32f4xx_hal_cortex.o
 .comment       0x0000000000000053       0x54 ./Drivers/STM32F4xx_HAL_Driver/Src/stm32f4xx_hal_gpio.o
 .comment       0x0000000000000053       0x54 ./Drivers/STM32F4xx_HAL_Driver/Src/stm32f4xx_hal_rcc.o
 .comment       0x0000000000000053       0x54 ./Drivers/STM32F4xx_HAL_Driver/Src/stm32f4xx_hal_spi.o
 .comment       0x0000000000000053       0x54 ./Drivers/STM32F4xx_HAL_Driver/Src/stm32f4xx_hal_uart.o

.debug_frame    0x0000000000000000     0x2510
 .debug_frame   0x0000000000000000      0x334 ./Core/Src/GFX_TFT.o
 .debug_frame   0x0000000000000334      0x180 ./Core/Src/ILI9341.o
 .debug_frame   0x00000000000004b4       0x34 ./Core/Src/gpio.o
 .debug_frame   0x00000000000004e8       0x6c ./Core/Src/main.o
 .debug_frame   0x0000000000000554       0x74 ./Core/Src/spi.o
 .debug_frame   0x00000000000005c8       0x34 ./Core/Src/stm32f4xx_hal_msp.o
 .debug_frame   0x00000000000005fc      0x104 ./Core/Src/stm32f4xx_it.o
 .debug_frame   0x0000000000000700       0x58 ./Core/Src/system_stm32f4xx.o
 .debug_frame   0x0000000000000758       0x74 ./Core/Src/usart.o
 .debug_frame   0x00000000000007cc      0x374 ./Drivers/STM32F4xx_HAL_Driver/Src/stm32f4xx_hal.o
 .debug_frame   0x0000000000000b40      0x498 ./Drivers/STM32F4xx_HAL_Driver/Src/stm32f4xx_hal_cortex.o
 .debug_frame   0x0000000000000fd8      0x14c ./Drivers/STM32F4xx_HAL_Driver/Src/stm32f4xx_hal_gpio.o
 .debug_frame   0x0000000000001124      0x1f0 ./Drivers/STM32F4xx_HAL_Driver/Src/stm32f4xx_hal_rcc.o
 .debug_frame   0x0000000000001314      0x824 ./Drivers/STM32F4xx_HAL_Driver/Src/stm32f4xx_hal_spi.o
 .debug_frame   0x0000000000001b38      0x92c ./Drivers/STM32F4xx_HAL_Driver/Src/stm32f4xx_hal_uart.o
 .debug_frame   0x0000000000002464       0x2c f:/programy/stm32cubeide_1.6.1/stm32cubeide/plugins/com.st.stm32cube.ide.mcu.externaltools.gnu-tools-for-stm32.9-2020-q2-update.win32_2.0.0.202105311346/tools/bin/../lib/gcc/arm-none-eabi/9.3.1/../../../../arm-none-eabi/lib/thumb/v7e-m+fp/hard\libc_nano.a(lib_a-init.o)
 .debug_frame   0x0000000000002490       0x20 f:/programy/stm32cubeide_1.6.1/stm32cubeide/plugins/com.st.stm32cube.ide.mcu.externaltools.gnu-tools-for-stm32.9-2020-q2-update.win32_2.0.0.202105311346/tools/bin/../lib/gcc/arm-none-eabi/9.3.1/../../../../arm-none-eabi/lib/thumb/v7e-m+fp/hard\libc_nano.a(lib_a-memset.o)
 .debug_frame   0x00000000000024b0       0x2c f:/programy/stm32cubeide_1.6.1/stm32cubeide/plugins/com.st.stm32cube.ide.mcu.externaltools.gnu-tools-for-stm32.9-2020-q2-update.win32_2.0.0.202105311346/tools/bin/../lib/gcc/arm-none-eabi/9.3.1/thumb/v7e-m+fp/hard\libgcc.a(_aeabi_uldivmod.o)
 .debug_frame   0x00000000000024dc       0x34 f:/programy/stm32cubeide_1.6.1/stm32cubeide/plugins/com.st.stm32cube.ide.mcu.externaltools.gnu-tools-for-stm32.9-2020-q2-update.win32_2.0.0.202105311346/tools/bin/../lib/gcc/arm-none-eabi/9.3.1/thumb/v7e-m+fp/hard\libgcc.a(_udivmoddi4.o)
